2026.09.05 21:50:57 INFO  Started: Metals version 1.6.8 in folders 'C:\Users\abrar\DS2\DataScienceProject1' for client Visual Studio Code 1.136.0.[0m
2026.09.05 21:50:57 INFO  Memory monitor started[0m
2026.09.05 21:50:57 WARN  Using H2 2.4.240 which is newer than the version Flyway has been verified with. The latest verified version of H2 is 2.3.232.[0m
Sep 05, 2026 9:51:19 PM org.eclipse.lsp4j.jsonrpc.services.GenericEndpoint notify
INFO: Unsupported notification method: $/setTrace
2026.09.05 21:59:20 INFO  no build target found for C:\Users\abrar\DS2\DataScienceProject1\build.sbt. Using presentation compiler with project's scala-library version: 3.3.8[0m
2026.09.05 21:59:22 INFO  no build target found for C:\Users\abrar\DS2\DataScienceProject1\build.sbt. Using presentation compiler with project's scala-library version: 3.3.8[0m
2026.09.05 21:59:22 INFO  no build target found for C:\Users\abrar\DS2\DataScienceProject1\build.sbt. Using presentation compiler with project's scala-library version: 3.3.8[0m
2026.09.05 21:59:22 INFO  no build target found for C:\Users\abrar\DS2\DataScienceProject1\build.sbt. Using presentation compiler with project's scala-library version: 3.3.8[0m
2026.09.05 21:59:22 INFO  no build target found for C:\Users\abrar\DS2\DataScienceProject1\build.sbt. Using presentation compiler with project's scala-library version: 3.3.8[0m
Sep 05, 2026 9:59:22 PM org.eclipse.lsp4j.jsonrpc.RemoteEndpoint handleCancellation
WARNING: Unmatched cancel notification for request id 8
Sep 05, 2026 9:59:22 PM org.eclipse.lsp4j.jsonrpc.RemoteEndpoint handleCancellation
WARNING: Unmatched cancel notification for request id 9
Sep 05, 2026 9:59:22 PM org.eclipse.lsp4j.jsonrpc.RemoteEndpoint handleCancellation
WARNING: Unmatched cancel notification for request id 7
2026.09.05 21:59:22 INFO  no build target found for C:\Users\abrar\DS2\DataScienceProject1\build.sbt. Using presentation compiler with project's scala-library version: 3.3.8[0m
Sep 05, 2026 9:59:39 PM org.eclipse.lsp4j.jsonrpc.services.GenericEndpoint notify
INFO: Unsupported notification method: $/setTrace
2026.09.06 01:19:50 INFO  Shutting down server[0m
2026.09.06 01:19:50 INFO  Memory monitor stopped[0m
2026.09.06 01:19:50 INFO  shutting down Metals[0m
2026.09.06 01:19:50 INFO  Exiting server[0m
2026.09.06 22:29:35 INFO  Started: Metals version 1.6.8 in folders 'C:\Users\abrar\DS2\DataScienceProject1' for client Visual Studio Code 1.136.1.
2026.09.06 22:29:38 INFO  Memory monitor started
2026.09.06 22:29:39 WARN  Using H2 2.4.240 which is newer than the version Flyway has been verified with. The latest verified version of H2 is 2.3.232.
2026.09.07 01:39:12 INFO  Shutting down server
2026.09.07 01:39:12 INFO  Memory monitor stopped
2026.09.07 01:39:12 INFO  shutting down Metals
2026.09.07 01:39:12 INFO  Exiting server
2026.09.07 01:39:13 ERROR Unexpected error initializing server: 
org.eclipse.lsp4j.jsonrpc.ResponseErrorException: Request window/showMessageRequest failed with message: Canceled
	at org.eclipse.lsp4j.jsonrpc.RemoteEndpoint.handleResponse(RemoteEndpoint.java:214)
	at org.eclipse.lsp4j.jsonrpc.RemoteEndpoint.consume(RemoteEndpoint.java:198)
	at org.eclipse.lsp4j.jsonrpc.json.StreamMessageProducer.handleMessage(StreamMessageProducer.java:189)
	at org.eclipse.lsp4j.jsonrpc.json.StreamMessageProducer.listen(StreamMessageProducer.java:97)
	at org.eclipse.lsp4j.jsonrpc.json.ConcurrentMessageProcessor.run(ConcurrentMessageProcessor.java:97)
	at java.util.concurrent.Executors$RunnableAdapter.call(Executors.java:572)
	at java.util.concurrent.FutureTask.run(FutureTask.java:317)
	at java.util.concurrent.ThreadPoolExecutor.runWorker(ThreadPoolExecutor.java:1144)
	at java.util.concurrent.ThreadPoolExecutor$Worker.run(ThreadPoolExecutor.java:642)
	at java.lang.Thread.run(Thread.java:1583)

2026.09.08 07:50:52 INFO  Started: Metals version 1.6.8 in folders 'C:\Users\abrar\DS2\DataScienceProject1' for client Visual Studio Code 1.136.1.
2026.09.08 07:50:52 INFO  Memory monitor started
2026.09.08 07:50:55 WARN  Using H2 2.4.240 which is newer than the version Flyway has been verified with. The latest verified version of H2 is 2.3.232.
2026.09.08 07:53:58 INFO  no build target found for C:\Users\abrar\DS2\DataScienceProject1\src\main\scala\airfoil.scala. Using presentation compiler with project's scala-library version: 3.3.8
2026.09.08 07:53:59 INFO  no build target found for C:\Users\abrar\DS2\DataScienceProject1\src\main\scala\airfoil.scala. Using presentation compiler with project's scala-library version: 3.3.8
Sep 08, 2026 7:53:59 AM org.eclipse.lsp4j.jsonrpc.RemoteEndpoint handleCancellation
WARNING: Unmatched cancel notification for request id 1
2026.09.08 07:53:59 INFO  no build target found for C:\Users\abrar\DS2\DataScienceProject1\src\main\scala\airfoil.scala. Using presentation compiler with project's scala-library version: 3.3.8
2026.09.08 07:53:59 INFO  no build target found for C:\Users\abrar\DS2\DataScienceProject1\src\main\scala\airfoil.scala. Using presentation compiler with project's scala-library version: 3.3.8
Sep 08, 2026 7:53:59 AM org.eclipse.lsp4j.jsonrpc.RemoteEndpoint handleCancellation
WARNING: Unmatched cancel notification for request id 5
2026.09.08 07:53:59 INFO  no build target found for C:\Users\abrar\DS2\DataScienceProject1\src\main\scala\airfoil.scala. Using presentation compiler with project's scala-library version: 3.3.8
2026.09.08 07:53:59 INFO  no build target found for C:\Users\abrar\DS2\DataScienceProject1\src\main\scala\airfoil.scala. Using presentation compiler with project's scala-library version: 3.3.8
2026.09.08 08:02:43 INFO  no build target found for C:\Users\abrar\DS2\DataScienceProject1\src\main\scala\airfoil.scala. Using presentation compiler with project's scala-library version: 3.3.8
2026.09.08 08:02:43 WARN  no build target for: C:\Users\abrar\DS2\DataScienceProject1\src\main\scala\airfoil.scala
2026.09.08 08:02:43 INFO  no build target found for C:\Users\abrar\DS2\DataScienceProject1\src\main\scala\airfoil.scala. Using presentation compiler with project's scala-library version: 3.3.8
2026.09.08 08:02:43 INFO  no build target found for C:\Users\abrar\DS2\DataScienceProject1\src\main\scala\airfoil.scala. Using presentation compiler with project's scala-library version: 3.3.8
2026.09.08 08:02:43 INFO  no build target found for C:\Users\abrar\DS2\DataScienceProject1\src\main\scala\airfoil.scala. Using presentation compiler with project's scala-library version: 3.3.8
2026.09.08 08:03:11 INFO  no build target found for C:\Users\abrar\DS2\DataScienceProject1\src\main\scala\airfoil.scala. Using presentation compiler with project's scala-library version: 3.3.8
2026.09.08 08:09:16 INFO  no build target found for C:\Users\abrar\DS2\DataScienceProject1\src\main\scala\airfoil.scala. Using presentation compiler with project's scala-library version: 3.3.8
2026.09.08 08:09:17 WARN  no build target for: C:\Users\abrar\DS2\DataScienceProject1\src\main\scala\airfoil.scala
2026.09.08 08:09:16 INFO  no build target found for C:\Users\abrar\DS2\DataScienceProject1\src\main\scala\airfoil.scala. Using presentation compiler with project's scala-library version: 3.3.8
2026.09.08 08:09:17 INFO  no build target found for C:\Users\abrar\DS2\DataScienceProject1\src\main\scala\airfoil.scala. Using presentation compiler with project's scala-library version: 3.3.8
2026.09.08 08:09:16 INFO  no build target found for C:\Users\abrar\DS2\DataScienceProject1\src\main\scala\airfoil.scala. Using presentation compiler with project's scala-library version: 3.3.8
2026.09.08 08:15:20 INFO  no build target found for C:\Users\abrar\DS2\DataScienceProject1\src\main\scala\airfoil.scala. Using presentation compiler with project's scala-library version: 3.3.8
2026.09.08 08:15:20 INFO  no build target found for C:\Users\abrar\DS2\DataScienceProject1\src\main\scala\AutoMPG.scala. Using presentation compiler with project's scala-library version: 3.3.8
Sep 08, 2026 8:15:20 AM org.eclipse.lsp4j.jsonrpc.RemoteEndpoint handleCancellation
WARNING: Unmatched cancel notification for request id 33
2026.09.08 08:15:20 INFO  no build target found for C:\Users\abrar\DS2\DataScienceProject1\src\main\scala\AutoMPG.scala. Using presentation compiler with project's scala-library version: 3.3.8
2026.09.08 08:15:20 INFO  no build target found for C:\Users\abrar\DS2\DataScienceProject1\src\main\scala\AutoMPG.scala. Using presentation compiler with project's scala-library version: 3.3.8
2026.09.08 08:16:12 INFO  no build target found for C:\Users\abrar\DS2\DataScienceProject1\src\main\scala\AutoMPG.scala. Using presentation compiler with project's scala-library version: 3.3.8
2026.09.08 08:16:18 INFO  no build target found for C:\Users\abrar\DS2\DataScienceProject1\src\main\scala\AutoMPG.scala. Using presentation compiler with project's scala-library version: 3.3.8
2026.09.08 08:16:18 INFO  no build target found for C:\Users\abrar\DS2\DataScienceProject1\src\main\scala\airfoil.scala. Using presentation compiler with project's scala-library version: 3.3.8
2026.09.08 08:16:18 INFO  no build target found for C:\Users\abrar\DS2\DataScienceProject1\src\main\scala\airfoil.scala. Using presentation compiler with project's scala-library version: 3.3.8
2026.09.08 08:16:18 INFO  no build target found for C:\Users\abrar\DS2\DataScienceProject1\src\main\scala\airfoil.scala. Using presentation compiler with project's scala-library version: 3.3.8
2026.09.08 08:16:21 INFO  no build target found for C:\Users\abrar\DS2\DataScienceProject1\src\main\scala\airfoil.scala. Using presentation compiler with project's scala-library version: 3.3.8
2026.09.08 08:16:22 INFO  no build target found for C:\Users\abrar\DS2\DataScienceProject1\src\main\scala\airfoil.scala. Using presentation compiler with project's scala-library version: 3.3.8
2026.09.08 08:16:22 INFO  no build target found for C:\Users\abrar\DS2\DataScienceProject1\src\main\scala\airfoil.scala. Using presentation compiler with project's scala-library version: 3.3.8
2026.09.08 08:16:22 INFO  no build target found for C:\Users\abrar\DS2\DataScienceProject1\src\main\scala\airfoil.scala. Using presentation compiler with project's scala-library version: 3.3.8
2026.09.08 08:16:22 INFO  no build target found for C:\Users\abrar\DS2\DataScienceProject1\src\main\scala\airfoil.scala. Using presentation compiler with project's scala-library version: 3.3.8
2026.09.08 08:16:22 INFO  no build target found for C:\Users\abrar\DS2\DataScienceProject1\src\main\scala\airfoil.scala. Using presentation compiler with project's scala-library version: 3.3.8
2026.09.08 08:16:23 INFO  no build target found for C:\Users\abrar\DS2\DataScienceProject1\src\main\scala\airfoil.scala. Using presentation compiler with project's scala-library version: 3.3.8
2026.09.08 08:16:23 INFO  no build target found for C:\Users\abrar\DS2\DataScienceProject1\src\main\scala\airfoil.scala. Using presentation compiler with project's scala-library version: 3.3.8
2026.09.08 08:16:23 INFO  no build target found for C:\Users\abrar\DS2\DataScienceProject1\src\main\scala\airfoil.scala. Using presentation compiler with project's scala-library version: 3.3.8
2026.09.08 08:16:25 INFO  no build target found for C:\Users\abrar\DS2\DataScienceProject1\src\main\scala\airfoil.scala. Using presentation compiler with project's scala-library version: 3.3.8
2026.09.08 08:16:25 INFO  no build target found for C:\Users\abrar\DS2\DataScienceProject1\src\main\scala\airfoil.scala. Using presentation compiler with project's scala-library version: 3.3.8
2026.09.08 08:16:25 INFO  no build target found for C:\Users\abrar\DS2\DataScienceProject1\src\main\scala\airfoil.scala. Using presentation compiler with project's scala-library version: 3.3.8
2026.09.08 08:16:25 INFO  no build target found for C:\Users\abrar\DS2\DataScienceProject1\src\main\scala\airfoil.scala. Using presentation compiler with project's scala-library version: 3.3.8
2026.09.08 08:16:25 INFO  no build target found for C:\Users\abrar\DS2\DataScienceProject1\src\main\scala\airfoil.scala. Using presentation compiler with project's scala-library version: 3.3.8
2026.09.08 08:16:25 INFO  no build target found for C:\Users\abrar\DS2\DataScienceProject1\src\main\scala\airfoil.scala. Using presentation compiler with project's scala-library version: 3.3.8
2026.09.08 08:16:26 INFO  no build target found for C:\Users\abrar\DS2\DataScienceProject1\src\main\scala\airfoil.scala. Using presentation compiler with project's scala-library version: 3.3.8
2026.09.08 08:16:25 INFO  no build target found for C:\Users\abrar\DS2\DataScienceProject1\src\main\scala\airfoil.scala. Using presentation compiler with project's scala-library version: 3.3.8
2026.09.08 08:16:25 INFO  no build target found for C:\Users\abrar\DS2\DataScienceProject1\src\main\scala\airfoil.scala. Using presentation compiler with project's scala-library version: 3.3.8
2026.09.08 08:16:26 INFO  no build target found for C:\Users\abrar\DS2\DataScienceProject1\src\main\scala\airfoil.scala. Using presentation compiler with project's scala-library version: 3.3.8
2026.09.08 08:16:26 INFO  no build target found for C:\Users\abrar\DS2\DataScienceProject1\src\main\scala\airfoil.scala. Using presentation compiler with project's scala-library version: 3.3.8
2026.09.08 08:16:28 INFO  no build target found for C:\Users\abrar\DS2\DataScienceProject1\src\main\scala\airfoil.scala. Using presentation compiler with project's scala-library version: 3.3.8
2026.09.08 08:16:39 INFO  no build target found for C:\Users\abrar\DS2\DataScienceProject1\src\main\scala\airfoil.scala. Using presentation compiler with project's scala-library version: 3.3.8
2026.09.08 08:16:39 INFO  no build target found for C:\Users\abrar\DS2\DataScienceProject1\src\main\scala\airfoil.scala. Using presentation compiler with project's scala-library version: 3.3.8
2026.09.08 08:16:39 INFO  no build target found for C:\Users\abrar\DS2\DataScienceProject1\src\main\scala\airfoil.scala. Using presentation compiler with project's scala-library version: 3.3.8
2026.09.08 08:16:39 INFO  no build target found for C:\Users\abrar\DS2\DataScienceProject1\src\main\scala\airfoil.scala. Using presentation compiler with project's scala-library version: 3.3.8
2026.09.08 08:16:39 INFO  no build target found for C:\Users\abrar\DS2\DataScienceProject1\src\main\scala\airfoil.scala. Using presentation compiler with project's scala-library version: 3.3.8
2026.09.08 08:16:40 INFO  no build target found for C:\Users\abrar\DS2\DataScienceProject1\src\main\scala\airfoil.scala. Using presentation compiler with project's scala-library version: 3.3.8
2026.09.08 08:16:40 INFO  no build target found for C:\Users\abrar\DS2\DataScienceProject1\src\main\scala\airfoil.scala. Using presentation compiler with project's scala-library version: 3.3.8
2026.09.08 08:16:40 INFO  no build target found for C:\Users\abrar\DS2\DataScienceProject1\src\main\scala\airfoil.scala. Using presentation compiler with project's scala-library version: 3.3.8
2026.09.08 08:16:40 INFO  no build target found for C:\Users\abrar\DS2\DataScienceProject1\src\main\scala\airfoil.scala. Using presentation compiler with project's scala-library version: 3.3.8
2026.09.08 08:16:40 INFO  no build target found for C:\Users\abrar\DS2\DataScienceProject1\src\main\scala\airfoil.scala. Using presentation compiler with project's scala-library version: 3.3.8
2026.09.08 08:16:40 INFO  no build target found for C:\Users\abrar\DS2\DataScienceProject1\src\main\scala\airfoil.scala. Using presentation compiler with project's scala-library version: 3.3.8
2026.09.08 08:16:40 INFO  no build target found for C:\Users\abrar\DS2\DataScienceProject1\src\main\scala\airfoil.scala. Using presentation compiler with project's scala-library version: 3.3.8
2026.09.08 08:16:41 INFO  no build target found for C:\Users\abrar\DS2\DataScienceProject1\src\main\scala\airfoil.scala. Using presentation compiler with project's scala-library version: 3.3.8
2026.09.08 08:16:40 INFO  no build target found for C:\Users\abrar\DS2\DataScienceProject1\src\main\scala\airfoil.scala. Using presentation compiler with project's scala-library version: 3.3.8
2026.09.08 08:16:40 INFO  no build target found for C:\Users\abrar\DS2\DataScienceProject1\src\main\scala\airfoil.scala. Using presentation compiler with project's scala-library version: 3.3.8
2026.09.08 08:16:41 INFO  no build target found for C:\Users\abrar\DS2\DataScienceProject1\src\main\scala\airfoil.scala. Using presentation compiler with project's scala-library version: 3.3.8
2026.09.08 08:16:41 INFO  no build target found for C:\Users\abrar\DS2\DataScienceProject1\src\main\scala\airfoil.scala. Using presentation compiler with project's scala-library version: 3.3.8
2026.09.08 08:16:41 INFO  no build target found for C:\Users\abrar\DS2\DataScienceProject1\src\main\scala\airfoil.scala. Using presentation compiler with project's scala-library version: 3.3.8
2026.09.08 08:16:41 INFO  no build target found for C:\Users\abrar\DS2\DataScienceProject1\src\main\scala\airfoil.scala. Using presentation compiler with project's scala-library version: 3.3.8
2026.09.08 08:16:41 INFO  no build target found for C:\Users\abrar\DS2\DataScienceProject1\src\main\scala\airfoil.scala. Using presentation compiler with project's scala-library version: 3.3.8
2026.09.08 08:16:41 INFO  no build target found for C:\Users\abrar\DS2\DataScienceProject1\src\main\scala\airfoil.scala. Using presentation compiler with project's scala-library version: 3.3.8
2026.09.08 08:16:43 INFO  no build target found for C:\Users\abrar\DS2\DataScienceProject1\src\main\scala\airfoil.scala. Using presentation compiler with project's scala-library version: 3.3.8
Sep 08, 2026 8:19:36 AM org.eclipse.lsp4j.jsonrpc.services.GenericEndpoint notify
INFO: Unsupported notification method: $/setTrace
Sep 08, 2026 8:23:25 AM org.eclipse.lsp4j.jsonrpc.services.GenericEndpoint notify
INFO: Unsupported notification method: $/setTrace
Sep 08, 2026 8:23:26 AM org.eclipse.lsp4j.jsonrpc.services.GenericEndpoint notify
INFO: Unsupported notification method: $/setTrace
2026.09.08 08:23:54 WARN  no build target for: C:\Users\abrar\DS2\DataScienceProject1\src\main\scala\airfoil.scala
2026.09.08 08:23:54 INFO  no build target found for C:\Users\abrar\DS2\DataScienceProject1\src\main\scala\airfoil.scala. Using presentation compiler with project's scala-library version: 3.3.8
2026.09.08 08:25:27 INFO  no build target found for C:\Users\abrar\DS2\DataScienceProject1\src\main\scala\AutoMPG.scala. Using presentation compiler with project's scala-library version: 3.3.8
Sep 08, 2026 8:25:27 AM org.eclipse.lsp4j.jsonrpc.RemoteEndpoint handleCancellation
WARNING: Unmatched cancel notification for request id 132
2026.09.08 08:25:27 INFO  no build target found for C:\Users\abrar\DS2\DataScienceProject1\src\main\scala\AutoMPG.scala. Using presentation compiler with project's scala-library version: 3.3.8
2026.09.08 08:25:27 INFO  no build target found for C:\Users\abrar\DS2\DataScienceProject1\src\main\scala\AutoMPG.scala. Using presentation compiler with project's scala-library version: 3.3.8
2026.09.08 08:26:07 INFO  no build target found for C:\Users\abrar\DS2\DataScienceProject1\src\main\scala\AutoMPG.scala. Using presentation compiler with project's scala-library version: 3.3.8
2026.09.08 08:26:07 INFO  no build target found for C:\Users\abrar\DS2\DataScienceProject1\src\main\scala\Concrete.scala. Using presentation compiler with project's scala-library version: 3.3.8
2026.09.08 08:26:07 INFO  no build target found for C:\Users\abrar\DS2\DataScienceProject1\src\main\scala\Concrete.scala. Using presentation compiler with project's scala-library version: 3.3.8
Sep 08, 2026 8:26:07 AM org.eclipse.lsp4j.jsonrpc.RemoteEndpoint handleCancellation
WARNING: Unmatched cancel notification for request id 161
2026.09.08 08:26:07 INFO  no build target found for C:\Users\abrar\DS2\DataScienceProject1\src\main\scala\Concrete.scala. Using presentation compiler with project's scala-library version: 3.3.8
2026.09.08 08:26:10 INFO  no build target found for C:\Users\abrar\DS2\DataScienceProject1\src\main\scala\Concrete.scala. Using presentation compiler with project's scala-library version: 3.3.8
2026.09.08 08:26:10 INFO  no build target found for C:\Users\abrar\DS2\DataScienceProject1\src\main\scala\AutoMPG.scala. Using presentation compiler with project's scala-library version: 3.3.8
2026.09.08 08:26:10 INFO  no build target found for C:\Users\abrar\DS2\DataScienceProject1\src\main\scala\AutoMPG.scala. Using presentation compiler with project's scala-library version: 3.3.8
2026.09.08 08:26:10 INFO  no build target found for C:\Users\abrar\DS2\DataScienceProject1\src\main\scala\AutoMPG.scala. Using presentation compiler with project's scala-library version: 3.3.8
2026.09.08 08:26:10 INFO  no build target found for C:\Users\abrar\DS2\DataScienceProject1\src\main\scala\AutoMPG.scala. Using presentation compiler with project's scala-library version: 3.3.8
2026.09.08 08:26:10 INFO  no build target found for C:\Users\abrar\DS2\DataScienceProject1\src\main\scala\Concrete.scala. Using presentation compiler with project's scala-library version: 3.3.8
2026.09.08 08:26:11 INFO  no build target found for C:\Users\abrar\DS2\DataScienceProject1\src\main\scala\Concrete.scala. Using presentation compiler with project's scala-library version: 3.3.8
2026.09.08 08:26:10 INFO  no build target found for C:\Users\abrar\DS2\DataScienceProject1\src\main\scala\Concrete.scala. Using presentation compiler with project's scala-library version: 3.3.8
2026.09.08 08:26:11 INFO  no build target found for C:\Users\abrar\DS2\DataScienceProject1\src\main\scala\Concrete.scala. Using presentation compiler with project's scala-library version: 3.3.8
2026.09.08 08:26:11 INFO  no build target found for C:\Users\abrar\DS2\DataScienceProject1\src\main\scala\AutoMPG.scala. Using presentation compiler with project's scala-library version: 3.3.8
2026.09.08 08:26:12 INFO  no build target found for C:\Users\abrar\DS2\DataScienceProject1\src\main\scala\AutoMPG.scala. Using presentation compiler with project's scala-library version: 3.3.8
2026.09.08 08:26:11 INFO  no build target found for C:\Users\abrar\DS2\DataScienceProject1\src\main\scala\AutoMPG.scala. Using presentation compiler with project's scala-library version: 3.3.8
2026.09.08 08:26:12 INFO  no build target found for C:\Users\abrar\DS2\DataScienceProject1\src\main\scala\AutoMPG.scala. Using presentation compiler with project's scala-library version: 3.3.8
2026.09.08 08:26:12 INFO  no build target found for C:\Users\abrar\DS2\DataScienceProject1\src\main\scala\Concrete.scala. Using presentation compiler with project's scala-library version: 3.3.8
2026.09.08 08:26:13 INFO  no build target found for C:\Users\abrar\DS2\DataScienceProject1\src\main\scala\Concrete.scala. Using presentation compiler with project's scala-library version: 3.3.8
2026.09.08 08:26:12 INFO  no build target found for C:\Users\abrar\DS2\DataScienceProject1\src\main\scala\Concrete.scala. Using presentation compiler with project's scala-library version: 3.3.8
2026.09.08 08:26:12 INFO  no build target found for C:\Users\abrar\DS2\DataScienceProject1\src\main\scala\Concrete.scala. Using presentation compiler with project's scala-library version: 3.3.8
2026.09.08 08:26:12 INFO  no build target found for C:\Users\abrar\DS2\DataScienceProject1\src\main\scala\AutoMPG.scala. Using presentation compiler with project's scala-library version: 3.3.8
2026.09.08 08:26:13 INFO  no build target found for C:\Users\abrar\DS2\DataScienceProject1\src\main\scala\AutoMPG.scala. Using presentation compiler with project's scala-library version: 3.3.8
2026.09.08 08:26:12 INFO  no build target found for C:\Users\abrar\DS2\DataScienceProject1\src\main\scala\AutoMPG.scala. Using presentation compiler with project's scala-library version: 3.3.8
2026.09.08 08:26:14 INFO  no build target found for C:\Users\abrar\DS2\DataScienceProject1\src\main\scala\AutoMPG.scala. Using presentation compiler with project's scala-library version: 3.3.8
2026.09.08 08:26:14 INFO  no build target found for C:\Users\abrar\DS2\DataScienceProject1\src\main\scala\Concrete.scala. Using presentation compiler with project's scala-library version: 3.3.8
2026.09.08 08:26:14 INFO  no build target found for C:\Users\abrar\DS2\DataScienceProject1\src\main\scala\Concrete.scala. Using presentation compiler with project's scala-library version: 3.3.8
2026.09.08 08:26:14 INFO  no build target found for C:\Users\abrar\DS2\DataScienceProject1\src\main\scala\Concrete.scala. Using presentation compiler with project's scala-library version: 3.3.8
2026.09.08 08:26:14 INFO  no build target found for C:\Users\abrar\DS2\DataScienceProject1\src\main\scala\Concrete.scala. Using presentation compiler with project's scala-library version: 3.3.8
2026.09.08 08:26:14 INFO  no build target found for C:\Users\abrar\DS2\DataScienceProject1\src\main\scala\AutoMPG.scala. Using presentation compiler with project's scala-library version: 3.3.8
2026.09.08 08:26:14 INFO  no build target found for C:\Users\abrar\DS2\DataScienceProject1\src\main\scala\AutoMPG.scala. Using presentation compiler with project's scala-library version: 3.3.8
2026.09.08 08:26:14 INFO  no build target found for C:\Users\abrar\DS2\DataScienceProject1\src\main\scala\AutoMPG.scala. Using presentation compiler with project's scala-library version: 3.3.8
2026.09.08 08:26:16 INFO  no build target found for C:\Users\abrar\DS2\DataScienceProject1\src\main\scala\AutoMPG.scala. Using presentation compiler with project's scala-library version: 3.3.8
2026.09.08 08:26:16 INFO  no build target found for C:\Users\abrar\DS2\DataScienceProject1\src\main\scala\Concrete.scala. Using presentation compiler with project's scala-library version: 3.3.8
2026.09.08 08:26:16 INFO  no build target found for C:\Users\abrar\DS2\DataScienceProject1\src\main\scala\Concrete.scala. Using presentation compiler with project's scala-library version: 3.3.8
2026.09.08 08:26:16 INFO  no build target found for C:\Users\abrar\DS2\DataScienceProject1\src\main\scala\Concrete.scala. Using presentation compiler with project's scala-library version: 3.3.8
2026.09.08 08:39:48 INFO  no build target found for C:\Users\abrar\DS2\DataScienceProject1\latex\AutoMPG.tex.scala. Using presentation compiler with project's scala-library version: 3.3.8
2026.09.08 08:39:48 INFO  no build target found for C:\Users\abrar\DS2\DataScienceProject1\latex\AutoMPG.tex.scala. Using presentation compiler with project's scala-library version: 3.3.8
2026.09.08 08:39:48 WARN  no build target for: C:\Users\abrar\DS2\DataScienceProject1\latex\AutoMPG.tex.scala
2026.09.08 08:39:48 INFO  no build target found for C:\Users\abrar\DS2\DataScienceProject1\src\main\scala\Concrete.scala. Using presentation compiler with project's scala-library version: 3.3.8
2026.09.08 08:39:49 INFO  no build target found for C:\Users\abrar\DS2\DataScienceProject1\latex\AutoMPG.tex.scala. Using presentation compiler with project's scala-library version: 3.3.8
2026.09.08 08:39:49 WARN  Could not find semantic tokens for: file:///C:/Users/abrar/DS2/DataScienceProject1/latex/AutoMPG.tex.scala
2026.09.08 08:39:57 INFO  no build target found for c:\Users\abrar\DS2\DataScienceProject1\latex\AutoMPG.tex.scala. Using presentation compiler with project's scala-library version: 3.3.8
2026.09.08 08:45:30 INFO  no build target found for C:\Users\abrar\DS2\DataScienceProject1\src\main\scala\Concrete.scala. Using presentation compiler with project's scala-library version: 3.3.8
2026.09.08 08:45:30 INFO  no build target found for C:\Users\abrar\DS2\DataScienceProject1\src\main\scala\Concrete.scala. Using presentation compiler with project's scala-library version: 3.3.8
Sep 08, 2026 8:45:30 AM org.eclipse.lsp4j.jsonrpc.RemoteEndpoint handleCancellation
WARNING: Unmatched cancel notification for request id 251
2026.09.08 08:45:30 INFO  no build target found for C:\Users\abrar\DS2\DataScienceProject1\src\main\scala\Concrete.scala. Using presentation compiler with project's scala-library version: 3.3.8
2026.09.08 08:45:33 INFO  no build target found for C:\Users\abrar\DS2\DataScienceProject1\src\main\scala\Concrete.scala. Using presentation compiler with project's scala-library version: 3.3.8
2026.09.08 08:48:19 INFO  no build target found for C:\Users\abrar\DS2\DataScienceProject1\src\main\scala\Concrete.scala. Using presentation compiler with project's scala-library version: 3.3.8
2026.09.08 08:48:19 WARN  no build target for: C:\Users\abrar\DS2\DataScienceProject1\src\main\scala\Concrete.scala
2026.09.08 08:48:19 INFO  no build target found for C:\Users\abrar\DS2\DataScienceProject1\src\main\scala\Concrete.scala. Using presentation compiler with project's scala-library version: 3.3.8
2026.09.08 08:48:19 INFO  no build target found for C:\Users\abrar\DS2\DataScienceProject1\src\main\scala\Concrete.scala. Using presentation compiler with project's scala-library version: 3.3.8
2026.09.08 08:51:20 INFO  no build target found for C:\Users\abrar\DS2\DataScienceProject1\src\main\scala\Concrete.scala. Using presentation compiler with project's scala-library version: 3.3.8
